// Jest Snapshot v1, https://goo.gl/fbAQLP

exports[`Home should render properly 1`] = `"<div class=\\"app__home app__route\\"><div class=\\"app__home__intro\\"><div class=\\"app__container\\"><div class=\\"app__home__header\\"><div class=\\"app__logo\\"><span class=\\"isvg failed\\"><img src=\\"\\" alt=\\"React-Redux-Observables Boilerplate\\"></span></div></div><h1>React-Redux-Observables Boilerplate</h1><p>A starter kit for React with Router, Redux, Observable + RxJS</p><a href=\\"https://github.com/gilbarbara/react-redux-observables-boilerplate\\" class=\\"app__home__download btn btn-lg btn-primary btn-icon\\" target=\\"_blank\\"><i class=\\"i-github\\"></i><span>Get it!</span></a></div></div><div class=\\"app__home__libraries\\"><div class=\\"app__container\\"><h2>Provides</h2><ul><li><div class=\\"app__home__library\\"><div class=\\"app__home__library__image\\"><span class=\\"isvg failed\\"></span></div><div class=\\"app__home__library__content\\"><h4>React</h4></div></div></li><li><div class=\\"app__home__library\\"><div class=\\"app__home__library__image\\"><span class=\\"isvg failed\\"></span></div><div class=\\"app__home__library__content\\"><h4>Redux</h4></div></div></li><li><div class=\\"app__home__library\\"><div class=\\"app__home__library__image\\"><span class=\\"isvg failed\\"></span></div><div class=\\"app__home__library__content\\"><h4>Redux Observable</h4></div></div></li><li><div class=\\"app__home__library\\"><div class=\\"app__home__library__image\\"><span class=\\"isvg failed\\"></span></div><div class=\\"app__home__library__content\\"><h4>react-router</h4></div></div></li><li><div class=\\"app__home__library\\"><div class=\\"app__home__library__image\\"><span class=\\"isvg failed\\"></span></div><div class=\\"app__home__library__content\\"><h4>RxJS</h4></div></div></li><li><div class=\\"app__home__library\\"><div class=\\"app__home__library__image\\"><span class=\\"isvg failed\\"></span></div><div class=\\"app__home__library__content\\"><h4>Webpack 2.x</h4></div></div></li></ul></div></div></div>"`;
